<html>
<body>
<pre>
<h1>µVision Build Log</h1>
<h2>Tool Versions:</h2>
IDE-Version: µVision V5.34.0.0
Copyright (C) 2021 ARM Ltd and ARM Germany GmbH. All rights reserved.
License Information: hussamaldean al-daffaie, student, LIC=MPPLD-858UF-WF6I7-EQT76-TY5SQ-1RV0U
 
Tool Versions:
Toolchain:       MDK-ARM Plus  Version: 5.34.0.0
Toolchain Path:  C:\Keil_v5\ARM\ARMCLANG\Bin
C Compiler:      ArmClang.exe V6.16
Assembler:       Armasm.exe V6.16
Linker/Locator:  ArmLink.exe V6.16
Library Manager: ArmAr.exe V6.16
Hex Converter:   FromElf.exe V6.16
CPU DLL:         SARMCM3.DLL V5.34.0.0
Dialog DLL:      DCM.DLL V1.17.3.0
Target DLL:      STLink\ST-LINKIII-KEIL_SWO.dll V3.0.8.0
Dialog DLL:      TCM.DLL V1.48.0.0
 
<h2>Project:</h2>
C:\Users\hussam\Documents\stm32projectsx\I2C_DMA\I2C_DMA.uvprojx
Project File Date:  10/23/2021

<h2>Output:</h2>
*** Using Compiler 'V6.16', folder: 'C:\Keil_v5\ARM\ARMCLANG\Bin'
Rebuild target 'STM32F411RETx'
compiling main.c...
debug.c(20): warning: format string is not a string literal (potentially insecure) [-Wformat-security]
                printf((char*)p);
                       ^      ~
debug.c(20): note: treat the string as an argument to avoid this
                printf((char*)p);
                       ^
                       "%s", 
debug.c(31): warning: format string is not a string literal (potentially insecure) [-Wformat-security]
                printf((char*)p);
                       ^      ~
debug.c(31): note: treat the string as an argument to avoid this
                printf((char*)p);
                       ^
                       "%s", 
debug.c(42): warning: format string is not a string literal (potentially insecure) [-Wformat-security]
                printf((char*)p);
                       ^      ~
debug.c(42): note: treat the string as an argument to avoid this
                printf((char*)p);
                       ^
                       "%s", 
3 warnings generated.
compiling debug.c...
compiling wire.c...
assembling startup_stm32f411xe.s...
compiling system_stm32f4xx.c...
linking...
Program Size: Code=2494 RO-data=498 RW-data=4 ZI-data=1732  
".\Objects\I2C_DMA.axf" - 0 Error(s), 3 Warning(s).

<h2>Software Packages used:</h2>

Package Vendor: ARM
                http://www.keil.com/pack/ARM.CMSIS.5.8.0.pack
                ARM.CMSIS.5.8.0
                CMSIS (Common Microcontroller Software Interface Standard)
   * Component: CORE Version: 5.5.0

Package Vendor: Keil
                http://www.keil.com/pack/Keil.STM32F4xx_DFP.2.15.0.pack
                Keil.STM32F4xx_DFP.2.15.0
                STMicroelectronics STM32F4 Series Device Support, Drivers and Examples
   * Component: Startup Version: 2.6.3

<h2>Collection of Component include folders:</h2>
  .\RTE\_STM32F411RETx
  C:\Users\hussam\AppData\Local\Arm\Packs\ARM\CMSIS\5.8.0\CMSIS\Core\Include
  C:\Users\hussam\AppData\Local\Arm\Packs\Keil\STM32F4xx_DFP\2.15.0\Drivers\CMSIS\Device\ST\STM32F4xx\Include

<h2>Collection of Component Files used:</h2>

   * Component: ARM::CMSIS:CORE:5.5.0

   * Component: Keil::Device:Startup:2.6.3
      Source file:   MDK\Device\Source\ARM\STM32F411xx_OPT.s
      Include file:  Drivers\CMSIS\Device\ST\STM32F4xx\Include\stm32f4xx.h
      Source file:   Drivers\CMSIS\Device\ST\STM32F4xx\Source\Templates\arm\startup_stm32f411xe.s
      Source file:   MDK\Device\Source\ARM\STM32F4xx_OTP.s
      Source file:   Drivers\CMSIS\Device\ST\STM32F4xx\Source\Templates\system_stm32f4xx.c
Build Time Elapsed:  00:00:01
</pre>
</body>
</html>
